// Jest Snapshot v1, https://goo.gl/fbAQLP

exports[`OtpInput should renders correctly 1`] = `
<DocumentFragment>
  <input
    class="contentEditableBox-0-2-3"
    contenteditable="true"
    id="contentEditableBox"
    type="tel"
  />
  <div
    class="inputWrapper-0-2-1"
    data-testid="inputWrapper"
    id="inputWrapper"
  >
    <input
      class="singleOtpInput-0-2-2 focus"
      id="otp_0"
      value=" "
    />
    <input
      class="singleOtpInput-0-2-2 "
      id="otp_1"
      value=" "
    />
    <input
      class="singleOtpInput-0-2-2 "
      id="otp_2"
      value=" "
    />
    <input
      class="singleOtpInput-0-2-2 "
      id="otp_3"
      value=" "
    />
    <input
      class="singleOtpInput-0-2-2 "
      id="otp_4"
      value=" "
    />
    <input
      class="singleOtpInput-0-2-2 "
      id="otp_5"
      value=" "
    />
  </div>
</DocumentFragment>
`;
