// Jest Snapshot v1, https://goo.gl/fbAQLP

exports[`OtpInput should renders correctly 1`] = `
<DocumentFragment>
  <input
    class="react-otp__content-editable-box"
    contenteditable="true"
    id="contentEditableBox"
    type="tel"
  />
  <div
    class="react-otp__input-wrapper"
    data-testid="inputWrapper"
    id="inputWrapper"
  >
    <input
      class="react-otp__single-otp-input focus"
      id="otp_0"
      value=" "
    />
    <input
      class="react-otp__single-otp-input "
      id="otp_1"
      value=" "
    />
    <input
      class="react-otp__single-otp-input "
      id="otp_2"
      value=" "
    />
    <input
      class="react-otp__single-otp-input "
      id="otp_3"
      value=" "
    />
    <input
      class="react-otp__single-otp-input "
      id="otp_4"
      value=" "
    />
    <input
      class="react-otp__single-otp-input "
      id="otp_5"
      value=" "
    />
  </div>
</DocumentFragment>
`;
